__ctype_b_loc appview___ctype_b_loc
__ctype_tolower_loc appview___ctype_tolower_loc
__errno_location appviewlibc___errno_location
__isoc99_sscanf appview__iso99_sscanf
__snprintf_chk appview___snprintf_chk
__vfprintf_chk appview___vfprintf_chk
__vsnprintf_chk appview___vsnprintf_chk
__strcpy_chk appview___strcpy_chk
accept appviewlibc_accept
bind appviewlibc_bind
calloc appviewlibc_calloc
chmod appviewlibc_chmod
clearerr appviewlibc_clearerr
clock_gettime appviewlibc_clock_gettime
close appviewlibc_close
closedir appviewlibc_closedir
connect appviewlibc_connect
fclose appviewlibc_fclose
fdopen appviewlibc_fdopen
feof appviewlibc_feof
ferror appviewlibc_ferror
fflush appviewlibc_fflush
fgets appviewlibc_fgets
fileno appviewlibc_fileno
fopen appviewlibc_fopen
fopen64 appviewlibc_fopen64
fputc appviewlibc_fputc
fputs appviewlibc_fputs
fread appviewlibc_fread
free appviewlibc_free
freeaddrinfo appviewlibc_freeaddrinfo
fseek appviewlibc_fseek
fstat appviewlibc_fstat
ftell appviewlibc_ftell
fwrite appviewlibc_fwrite
gai_strerror appviewlibc_gai_strerror
getaddrinfo appviewlibc_getaddrinfo
getentropy appviewlibc_getentropy
getpgrp appviewlibc_getpgrp
gethostbyname appviewlibc_gethostbyname
getnameinfo appviewlibc_getnameinfo
getpagesize appviewlibc_getpagesize
getpid appviewlibc_getpid
getsockname appviewlibc_getsockname
getsockopt appviewlibc_getsockopt
gettimeofday appviewlibc_gettimeofday
gmtime_r appviewlibc_gmtime_r
ioctl appviewlibc_ioctl
listen appviewlibc_listen
localeconv appviewlibc_localeconv
lseek appviewlibc_lseek
madvise appviewlibc_madvise
malloc appviewlibc_malloc
memchr appviewlibc_memchr
memcmp appviewlibc_memcmp
memcpy appviewlibc_memcpy
memmove appviewlibc_memmove
memset appviewlibc_memset
mincore appviewlibc_mincore
mlock appviewlibc_mlock
mmap appviewlibc_mmap
mprotect appviewlibc_mprotect
msync appviewlibc_msync
munmap appviewlibc_munmap
open appviewlibc_open
opendir appviewlibc_opendir
perror appviewlibc_perror
qsort appviewlibc_qsort
qsort_r appviewlibc_qsort_r
pipe2 appviewlibc_pipe2
read appviewlibc_read
readdir appviewlibc_readdir
realloc appviewlibc_realloc
recvfrom appviewlibc_recvfrom
secure_getenv appview_secure_getenv
select appviewlibc_select
sendto appviewlibc_sendto
setbuf appviewlibc_setbuf
setsockopt appviewlibc_setsockopt
shmat appviewlibc_shmat
shmdt appviewlibc_shmdt
shmget appviewlibc_shmget
shutdown appviewlibc_shutdown
snprintf appviewlibc_snprintf
socket appviewlibc_socket
sprintf appviewlibc_sprintf
sscanf appviewlibc_sscanf
stat appviewlibc_stat
stderr appviewlibc_stderr
strcasecmp appviewlibc_strcasecmp
strcat appviewlibc_strcat
strchr appviewlibc_strchr
strcmp appviewlibc_strcmp
strcpy appviewlibc_strcpy
strcspn appviewlibc_strcspn
strdup appviewlibc_strdup
strerror appviewlibc_strerror
strerror_r appviewlibc_strerror_r
strlen appviewlibc_strlen
strncasecmp appviewlibc_strncasecmp
strncmp appviewlibc_strncmp
strncpy appviewlibc_strncpy
strrchr appviewlibc_strrchr
strspn appviewlibc_strspn
strstr appviewlibc_strstr
strtod appviewlibc_strtod
strtol appviewlibc_strtol
strtoul appviewlibc_strtoul
sysconf appviewlibc_sysconf
tcgetattr appviewlibc_tcgetattr
tcsetattr appviewlibc_tcsetattr
time appviewlibc_time
tolower appviewlibc_tolower
toupper appviewlibc_toupper
uname appviewlibc_uname
usleep appviewlibc_usleep
vfprintf appviewlibc_vfprintf
vsnprintf appviewlibc_vsnprintf
write appviewlibc_write
